
R version 3.1.1 (2014-07-10) -- "Sock it to Me"
Copyright (C) 2014 The R Foundation for Statistical Computing
Platform: x86_64-pc-linux-gnu (64-bit)

R is free software and comes with ABSOLUTELY NO WARRANTY.
You are welcome to redistribute it under certain conditions.
Type 'license()' or 'licence()' for distribution details.

R is a collaborative project with many contributors.
Type 'contributors()' for more information and
'citation()' on how to cite R or R packages in publications.

Type 'demo()' for some demos, 'help()' for on-line help, or
'help.start()' for an HTML browser interface to help.
Type 'q()' to quit R.

> ## =============================================================================
> ## R + H2O + Domino Stater Code
> ## =============================================================================
> 
> ## Data Source: https://www.kaggle.com/c/afsis-soil-properties
> ## Adapted from work by Jo-Fai Chow at the following post:
> ## http://0xdata.com/blog/2014/09/r-h2o-domino/
> 
> ## ~~~~~~~~~~~~~~~~~~~~~~~~~~~~~~~~~~~~~~~~~~~~~~~~~~~~~~~~~~~~~~~~~~~~~~~~~~~~~
> ## Install Domino Bleeding Edge Version on Domino
> ## ~~~~~~~~~~~~~~~~~~~~~~~~~~~~~~~~~~~~~~~~~~~~~~~~~~~~~~~~~~~~~~~~~~~~~~~~~~~~~
> 
> ## Specify H2O version here
> h2o_ver <- "1523"
> 
> ## Install H2O
> local({r <- getOption("repos"); r["CRAN"] <- "http://cran.us.r-project.org"; options(repos = r)})
> txt_repo <- (c(paste0(paste0("http://s3.amazonaws.com/h2o-release/h2o/master/",
+                              h2o_ver),"/R"),
+                getOption("repos")))
> install.packages("h2o", repos = txt_repo, quiet = TRUE)
> 
> 
> ## ~~~~~~~~~~~~~~~~~~~~~~~~~~~~~~~~~~~~~~~~~~~~~~~~~~~~~~~~~~~~~~~~~~~~~~~~~~~~~
> ## Initiate and Connect to a Local H2O Cluster on Domino
> ## ~~~~~~~~~~~~~~~~~~~~~~~~~~~~~~~~~~~~~~~~~~~~~~~~~~~~~~~~~~~~~~~~~~~~~~~~~~~~~
> 
> library(h2o)
Loading required package: RCurl
Loading required package: bitops
Loading required package: rjson
Loading required package: statmod
Loading required package: tools

----------------------------------------------------------------------

Your next step is to start H2O and get a connection object (named
'localH2O', for example):
    > localH2O = h2o.init()

For H2O package documentation, first call init() and then ask for help:
    > localH2O = h2o.init()
    > ??h2o

To stop H2O you must explicitly call shutdown (either from R, as shown
here, or from the Web UI):
    > h2o.shutdown(localH2O)

After starting H2O, you can use the Web UI at http://localhost:54321
For more information visit http://docs.0xdata.com

----------------------------------------------------------------------


Attaching package: 'h2o'

The following objects are masked from 'package:base':

    ifelse, max, min, sum

> localH2O <- h2o.init(max_mem_size = '10g') ## using a max 1GB of RAM

H2O is not running yet, starting it now...

Note:  In case of errors look at the following log files:
    /tmp/RtmpKMEGQb/h2o__started_from_r.out
    /tmp/RtmpKMEGQb/h2o__started_from_r.err

java version "1.7.0_65"
OpenJDK Runtime Environment (IcedTea 2.5.2) (7u65-2.5.2-3~14.04)
OpenJDK 64-Bit Server VM (build 24.65-b04, mixed mode)

Successfully connected to http://127.0.0.1:54321 
R is connected to H2O cluster:
    H2O cluster uptime:         2 seconds 133 milliseconds 
    H2O cluster version:        2.7.0.1523 
    H2O cluster name:           H2O_started_from_R 
    H2O cluster total nodes:    1 
    H2O cluster total memory:   8.89 GB 
    H2O cluster total cores:    4 
    H2O cluster allowed cores:  15 
    H2O cluster healthy:        TRUE 

> 
> 
> ## ~~~~~~~~~~~~~~~~~~~~~~~~~~~~~~~~~~~~~~~~~~~~~~~~~~~~~~~~~~~~~~~~~~~~~~~~~~~~~
> ## Import Data
> ## ~~~~~~~~~~~~~~~~~~~~~~~~~~~~~~~~~~~~~~~~~~~~~~~~~~~~~~~~~~~~~~~~~~~~~~~~~~~~~
> 
> ## Get the local path on Domino
> path_cloud <- getwd()
> 
> ## Define other paths
> path_train <- paste0(path_cloud, "/data/train.zip")
> path_test <- paste0(path_cloud, "/data/test.zip")
> path_submission <- paste0(path_cloud, "/data/sample_submission.csv")
> path_output <- paste0(path_cloud, "/results/my_Kaggle_submission.csv")
> 
> ## Import Data to H2O Cluster
> train_hex <- h2o.importFile(localH2O, path = path_train)
  |                                                                              |                                                                      |   0%  |                                                                              |============================================                          |  63%  |                                                                              |======================================================================| 100%
> test_hex <- h2o.importFile(localH2O, path = path_test)
  |                                                                              |                                                                      |   0%  |                                                                              |======================================================================| 100%
> raw_sub <- read.csv(path_submission)
> 
> 
> ## ~~~~~~~~~~~~~~~~~~~~~~~~~~~~~~~~~~~~~~~~~~~~~~~~~~~~~~~~~~~~~~~~~~~~~~~~~~~~~
> ## Train a Deep Neural Networks model for each variable
> ## ~~~~~~~~~~~~~~~~~~~~~~~~~~~~~~~~~~~~~~~~~~~~~~~~~~~~~~~~~~~~~~~~~~~~~~~~~~~~~
> 
> ## Split the dataset into 80:20 for training and validation
> ## train_hex_split <- h2o.splitFrame(train_hex, ratios = 0.8, shuffle = TRUE)
> 
> ## One Variable at at Time
> ls_label <- c("Ca", "P", "pH", "SOC", "Sand")
> 
> for (n_label in 1:5) {
+         
+         ## Display
+         cat("\n\nNow training a DNN model for", ls_label[n_label], "...\n")
+         
+         ## Train a DNN
+         model <- h2o.deeplearning(x = 2:3595,
+                                   y = (3595 + n_label),
+                                   data = train_hex,
+                                   nfolds = 5,
+                                   activation = "Rectifier",
+                                   hidden = c(50, 50, 50),
+                                   epochs = 100,
+                                   classification = FALSE,
+                                   balance_classes = FALSE)
+         
+         ## Print the Model Summary
+         print(model)
+         
+         ## Use the model for prediction and store the results in submission template
+         raw_sub[, (n_label + 1)] <- as.matrix(h2o.predict(model, test_hex))
+         
+ }


Now training a DNN model for Ca ...
  |                                                                              |                                                                      |   0%  |                                                                              |=                                                                     |   2%  |                                                                              |==                                                                    |   3%  |                                                                              |====                                                                  |   5%  |                                                                              |=====                                                                 |   7%  |                                                                              |======                                                                |   8%  |                                                                              |=======                                                               |  10%  |                                                                              |========                                                              |  12%  |                                                                              |=========                                                             |  13%  |                                                                              |==========                                                            |  15%  |                                                                              |============                                                          |  17%  |                                                                              |=======================                                               |  33%  |                                                                              |===================================                                   |  50%  |                                                                              |===============================================                       |  67%  |                                                                              |==========================================================            |  83%  |                                                                              |======================================================================| 100%
IP Address: 127.0.0.1 
Port      : 54321 
Parsed Data Key: train.hex 

Deep Learning Model Key: DeepLearning_8d7182b7b5bda65b6224bf5100cd4162
Training mean square error: 0.07055288
Validation mean square error: 0.2447396
Cross-Validation Models:
  DeepLearning_8d7182b7b5bda65b6224bf5100cd4162_xval0 
  DeepLearning_8d7182b7b5bda65b6224bf5100cd4162_xval1 
  DeepLearning_8d7182b7b5bda65b6224bf5100cd4162_xval2 
  DeepLearning_8d7182b7b5bda65b6224bf5100cd4162_xval3 
  DeepLearning_8d7182b7b5bda65b6224bf5100cd4162_xval4 


Now training a DNN model for P ...
  |                                                                              |                                                                      |   0%  |                                                                              |=                                                                     |   2%  |                                                                              |==                                                                    |   3%  |                                                                              |====                                                                  |   5%  |                                                                              |=====                                                                 |   7%  |                                                                              |======                                                                |   8%  |                                                                              |=======                                                               |  10%  |                                                                              |========                                                              |  12%  |                                                                              |=========                                                             |  13%  |                                                                              |==========                                                            |  15%  |                                                                              |============                                                          |  17%  |                                                                              |=======================                                               |  33%  |                                                                              |===================================                                   |  50%  |                                                                              |===============================================                       |  67%  |                                                                              |==========================================================            |  83%  |                                                                              |======================================================================| 100%
IP Address: 127.0.0.1 
Port      : 54321 
Parsed Data Key: train.hex 

Deep Learning Model Key: DeepLearning_adf7e5bcf522ea012c1470efedfd488b
Training mean square error: 0.5051661
Validation mean square error: 1.239169
Cross-Validation Models:
  DeepLearning_adf7e5bcf522ea012c1470efedfd488b_xval0 
  DeepLearning_adf7e5bcf522ea012c1470efedfd488b_xval1 
  DeepLearning_adf7e5bcf522ea012c1470efedfd488b_xval2 
  DeepLearning_adf7e5bcf522ea012c1470efedfd488b_xval3 
  DeepLearning_adf7e5bcf522ea012c1470efedfd488b_xval4 


Now training a DNN model for pH ...
  |                                                                              |                                                                      |   0%  |                                                                              |=                                                                     |   2%  |                                                                              |==                                                                    |   3%  |                                                                              |====                                                                  |   5%  |                                                                              |=====                                                                 |   7%  |                                                                              |======                                                                |   8%  |                                                                              |=======                                                               |  10%  |                                                                              |========                                                              |  12%  |                                                                              |=========                                                             |  13%  |                                                                              |==========                                                            |  15%  |                                                                              |============                                                          |  17%  |                                                                              |=======================                                               |  33%  |                                                                              |===================================                                   |  50%  |                                                                              |===============================================                       |  67%  |                                                                              |==========================================================            |  83%  |                                                                              |======================================================================| 100%
IP Address: 127.0.0.1 
Port      : 54321 
Parsed Data Key: train.hex 

Deep Learning Model Key: DeepLearning_a9e5ee46de7d6788c2c55edde4214a0f
Training mean square error: 0.1741292
Validation mean square error: 0.3478505
Cross-Validation Models:
  DeepLearning_a9e5ee46de7d6788c2c55edde4214a0f_xval0 
  DeepLearning_a9e5ee46de7d6788c2c55edde4214a0f_xval1 
  DeepLearning_a9e5ee46de7d6788c2c55edde4214a0f_xval2 
  DeepLearning_a9e5ee46de7d6788c2c55edde4214a0f_xval3 
  DeepLearning_a9e5ee46de7d6788c2c55edde4214a0f_xval4 


Now training a DNN model for SOC ...
  |                                                                              |                                                                      |   0%  |                                                                              |=                                                                     |   2%  |                                                                              |==                                                                    |   3%  |                                                                              |====                                                                  |   5%  |                                                                              |=====                                                                 |   7%  |                                                                              |======                                                                |   8%  |                                                                              |=======                                                               |  10%  |                                                                              |========                                                              |  12%  |                                                                              |=========                                                             |  13%  |                                                                              |==========                                                            |  15%  |                                                                              |============                                                          |  17%  |                                                                              |=======================                                               |  33%  |                                                                              |===================================                                   |  50%  |                                                                              |===============================================                       |  67%  |                                                                              |==========================================================            |  83%  |                                                                              |======================================================================| 100%
IP Address: 127.0.0.1 
Port      : 54321 
Parsed Data Key: train.hex 

Deep Learning Model Key: DeepLearning_a0bfd80c95a01c5cf73633dc375f43d0
Training mean square error: 0.07096524
Validation mean square error: 0.317579
Cross-Validation Models:
  DeepLearning_a0bfd80c95a01c5cf73633dc375f43d0_xval0 
  DeepLearning_a0bfd80c95a01c5cf73633dc375f43d0_xval1 
  DeepLearning_a0bfd80c95a01c5cf73633dc375f43d0_xval2 
  DeepLearning_a0bfd80c95a01c5cf73633dc375f43d0_xval3 
  DeepLearning_a0bfd80c95a01c5cf73633dc375f43d0_xval4 


Now training a DNN model for Sand ...
  |                                                                              |                                                                      |   0%  |                                                                              |=                                                                     |   2%  |                                                                              |==                                                                    |   3%  |                                                                              |====                                                                  |   5%  |                                                                              |=====                                                                 |   7%  |                                                                              |======                                                                |   8%  |                                                                              |=======                                                               |  10%  |                                                                              |========                                                              |  12%  |                                                                              |=========                                                             |  13%  |                                                                              |==========                                                            |  15%  |                                                                              |============                                                          |  17%  |                                                                              |=======================                                               |  33%  |                                                                              |===================================                                   |  50%  |                                                                              |===============================================                       |  67%  |                                                                              |==========================================================            |  83%  |                                                                              |======================================================================| 100%
IP Address: 127.0.0.1 
Port      : 54321 
Parsed Data Key: train.hex 

Deep Learning Model Key: DeepLearning_aae3611c7d5a88272b254ef753f046a6
Training mean square error: 0.1365589
Validation mean square error: 0.4655006
Cross-Validation Models:
  DeepLearning_aae3611c7d5a88272b254ef753f046a6_xval0 
  DeepLearning_aae3611c7d5a88272b254ef753f046a6_xval1 
  DeepLearning_aae3611c7d5a88272b254ef753f046a6_xval2 
  DeepLearning_aae3611c7d5a88272b254ef753f046a6_xval3 
  DeepLearning_aae3611c7d5a88272b254ef753f046a6_xval4 
> 
> 
> ## ~~~~~~~~~~~~~~~~~~~~~~~~~~~~~~~~~~~~~~~~~~~~~~~~~~~~~~~~~~~~~~~~~~~~~~~~~~~~~
> ## Save the results as a CSV
> ## ~~~~~~~~~~~~~~~~~~~~~~~~~~~~~~~~~~~~~~~~~~~~~~~~~~~~~~~~~~~~~~~~~~~~~~~~~~~~~
> 
> write.csv(raw_sub, file = path_output, row.names = FALSE)
> 
> 
> ## ~~~~~~~~~~~~~~~~~~~~~~~~~~~~~~~~~~~~~~~~~~~~~~~~~~~~~~~~~~~~~~~~~~~~~~~~~~~~~
> ## Print System and Session Info
> ## ~~~~~~~~~~~~~~~~~~~~~~~~~~~~~~~~~~~~~~~~~~~~~~~~~~~~~~~~~~~~~~~~~~~~~~~~~~~~~
> 
> print(sessionInfo())
R version 3.1.1 (2014-07-10)
Platform: x86_64-pc-linux-gnu (64-bit)

locale:
[1] C

attached base packages:
[1] tools     stats     graphics  grDevices utils     datasets  methods  
[8] base     

other attached packages:
[1] h2o_2.7.0.1523 statmod_1.4.20 rjson_0.2.14   RCurl_1.95-4.3 bitops_1.0-6  
> 
> print(Sys.info())
                                     sysname 
                                     "Linux" 
                                     release 
                         "3.13.0-36-generic" 
                                     version 
"#63-Ubuntu SMP Wed Sep 3 21:30:07 UTC 2014" 
                                    nodename 
                              "a56aebbec86d" 
                                     machine 
                                    "x86_64" 
                                       login 
                                   "unknown" 
                                        user 
                                    "ubuntu" 
                              effective_user 
                                    "ubuntu" 
> 
